// Jest Snapshot v1, https://goo.gl/fbAQLP

exports[`renders hello world unchanged 1`] = `
<div>
  <div>
    Hello World
  </div>
</div>
`;
